// Vitest Snapshot v1, https://vitest.dev/guide/snapshot.html

exports[`recommended rules > gjs config has the right list 1`] = `
[
  "template-builtin-component-arguments",
  "template-link-href-attributes",
  "template-link-rel-noopener",
  "template-no-abstract-roles",
  "template-no-accesskey-attribute",
  "template-no-action-on-submit-button",
  "template-no-args-paths",
  "template-no-arguments-for-html-elements",
  "template-no-aria-hidden-body",
  "template-no-aria-unsupported-elements",
  "template-no-array-prototype-extensions",
  "template-no-at-ember-render-modifiers",
  "template-no-attrs-in-components",
  "template-no-autofocus-attribute",
  "template-no-block-params-for-html-elements",
  "template-no-builtin-form-components",
  "template-no-capital-arguments",
  "template-no-class-bindings",
  "template-no-debugger",
  "template-no-duplicate-attributes",
  "template-no-duplicate-id",
  "template-no-duplicate-landmark-elements",
  "template-no-empty-headings",
  "template-no-extra-mut-helper-argument",
  "template-no-forbidden-elements",
  "template-no-heading-inside-button",
  "template-no-html-comments",
  "template-no-index-component-invocation",
  "template-no-inline-styles",
  "template-no-invalid-aria-attributes",
  "template-no-invalid-interactive",
  "template-no-invalid-link-text",
  "template-no-invalid-link-title",
  "template-no-invalid-meta",
  "template-no-invalid-role",
  "template-no-let-reference",
  "template-no-link-to-positional-params",
  "template-no-link-to-tagname",
  "template-no-log",
  "template-no-negated-condition",
  "template-no-nested-interactive",
  "template-no-nested-landmark",
  "template-no-nested-splattributes",
  "template-no-obscure-array-access",
  "template-no-obsolete-elements",
  "template-no-outlet-outside-routes",
  "template-no-passed-in-event-handlers",
  "template-no-pointer-down-event-binding",
  "template-no-positional-data-test-selectors",
  "template-no-positive-tabindex",
  "template-no-potential-path-strings",
  "template-no-quoteless-attributes",
  "template-no-redundant-fn",
  "template-no-redundant-role",
  "template-no-scope-outside-table-headings",
  "template-no-shadowed-elements",
  "template-no-template-lint-directives",
  "template-no-triple-curlies",
  "template-no-unbalanced-curlies",
  "template-no-unbound",
  "template-no-unknown-arguments-for-builtin-components",
  "template-no-unnecessary-component-helper",
  "template-no-unnecessary-curly-parens",
  "template-no-unnecessary-curly-strings",
  "template-no-unsupported-role-attributes",
  "template-no-unused-block-params",
  "template-no-valueless-arguments",
  "template-no-whitespace-for-layout",
  "template-no-whitespace-within-word",
  "template-no-yield-only",
  "template-no-yield-to-default",
  "template-require-aria-activedescendant-tabindex",
  "template-require-button-type",
  "template-require-context-role",
  "template-require-has-block-helper",
  "template-require-iframe-title",
  "template-require-input-label",
  "template-require-lang-attribute",
  "template-require-mandatory-role-attributes",
  "template-require-media-caption",
  "template-require-presentational-children",
  "template-require-valid-alt-text",
  "template-require-valid-named-block-naming-format",
  "template-simple-modifiers",
  "template-simple-unless",
  "template-splat-attributes-only",
  "template-style-concatenation",
  "template-table-groups",
]
`;

exports[`recommended rules > gts config has the right list 1`] = `
[
  "template-builtin-component-arguments",
  "template-link-href-attributes",
  "template-link-rel-noopener",
  "template-no-abstract-roles",
  "template-no-accesskey-attribute",
  "template-no-action-on-submit-button",
  "template-no-args-paths",
  "template-no-arguments-for-html-elements",
  "template-no-aria-hidden-body",
  "template-no-aria-unsupported-elements",
  "template-no-array-prototype-extensions",
  "template-no-at-ember-render-modifiers",
  "template-no-attrs-in-components",
  "template-no-autofocus-attribute",
  "template-no-block-params-for-html-elements",
  "template-no-builtin-form-components",
  "template-no-capital-arguments",
  "template-no-class-bindings",
  "template-no-debugger",
  "template-no-duplicate-attributes",
  "template-no-duplicate-id",
  "template-no-duplicate-landmark-elements",
  "template-no-empty-headings",
  "template-no-extra-mut-helper-argument",
  "template-no-forbidden-elements",
  "template-no-heading-inside-button",
  "template-no-html-comments",
  "template-no-index-component-invocation",
  "template-no-inline-styles",
  "template-no-invalid-aria-attributes",
  "template-no-invalid-interactive",
  "template-no-invalid-link-text",
  "template-no-invalid-link-title",
  "template-no-invalid-meta",
  "template-no-invalid-role",
  "template-no-let-reference",
  "template-no-link-to-positional-params",
  "template-no-link-to-tagname",
  "template-no-log",
  "template-no-negated-condition",
  "template-no-nested-interactive",
  "template-no-nested-landmark",
  "template-no-nested-splattributes",
  "template-no-obscure-array-access",
  "template-no-obsolete-elements",
  "template-no-outlet-outside-routes",
  "template-no-passed-in-event-handlers",
  "template-no-pointer-down-event-binding",
  "template-no-positional-data-test-selectors",
  "template-no-positive-tabindex",
  "template-no-potential-path-strings",
  "template-no-quoteless-attributes",
  "template-no-redundant-fn",
  "template-no-redundant-role",
  "template-no-scope-outside-table-headings",
  "template-no-shadowed-elements",
  "template-no-template-lint-directives",
  "template-no-triple-curlies",
  "template-no-unbalanced-curlies",
  "template-no-unbound",
  "template-no-unknown-arguments-for-builtin-components",
  "template-no-unnecessary-component-helper",
  "template-no-unnecessary-curly-parens",
  "template-no-unnecessary-curly-strings",
  "template-no-unsupported-role-attributes",
  "template-no-unused-block-params",
  "template-no-valueless-arguments",
  "template-no-whitespace-for-layout",
  "template-no-whitespace-within-word",
  "template-no-yield-only",
  "template-no-yield-to-default",
  "template-require-aria-activedescendant-tabindex",
  "template-require-button-type",
  "template-require-context-role",
  "template-require-has-block-helper",
  "template-require-iframe-title",
  "template-require-input-label",
  "template-require-lang-attribute",
  "template-require-mandatory-role-attributes",
  "template-require-media-caption",
  "template-require-presentational-children",
  "template-require-valid-alt-text",
  "template-require-valid-named-block-naming-format",
  "template-simple-modifiers",
  "template-simple-unless",
  "template-splat-attributes-only",
  "template-style-concatenation",
  "template-table-groups",
]
`;

exports[`recommended rules > has the right list 1`] = `
[
  "avoid-leaking-state-in-ember-objects",
  "classic-decorator-hooks",
  "classic-decorator-no-classic-methods",
  "jquery-ember-run",
  "new-module-imports",
  "no-actions-hash",
  "no-arrow-function-computed-properties",
  "no-assignment-of-untracked-properties-used-in-tracking-contexts",
  "no-at-ember-render-modifiers",
  "no-attrs-in-components",
  "no-attrs-snapshot",
  "no-builtin-form-components",
  "no-capital-letters-in-routes",
  "no-classic-classes",
  "no-classic-components",
  "no-component-lifecycle-hooks",
  "no-computed-properties-in-native-classes",
  "no-controller-access-in-routes",
  "no-duplicate-dependent-keys",
  "no-ember-super-in-es-classes",
  "no-ember-testing-in-module-scope",
  "no-empty-glimmer-component-classes",
  "no-get",
  "no-global-jquery",
  "no-incorrect-calls-with-inline-anonymous-functions",
  "no-incorrect-computed-macros",
  "no-invalid-debug-function-arguments",
  "no-invalid-dependent-keys",
  "no-invalid-test-waiters",
  "no-jquery",
  "no-legacy-test-waiters",
  "no-mixins",
  "no-modifier-without-element-usage",
  "no-new-mixins",
  "no-noop-setup-on-error-in-before",
  "no-observers",
  "no-on-calls-in-components",
  "no-pause-test",
  "no-private-routing-service",
  "no-restricted-resolver-tests",
  "no-runloop",
  "no-settled-after-test-helper",
  "no-shadow-route-definition",
  "no-side-effects",
  "no-test-and-then",
  "no-test-import-export",
  "no-test-support-import",
  "no-test-this-render",
  "no-tracked-properties-from-args",
  "no-unnecessary-route-path-option",
  "prefer-ember-test-helpers",
  "require-computed-macros",
  "require-computed-property-dependencies",
  "require-return-from-computed",
  "require-super-in-lifecycle-hooks",
  "require-tagless-components",
  "require-valid-css-selector-in-test-helpers",
  "use-brace-expansion",
  "use-ember-data-rfc-395-imports",
]
`;
