// Vitest Snapshot v1, https://vitest.dev/guide/snapshot.html

exports[`recommended rules > gjs config has the right list 1`] = `
[
  "template-deprecated-inline-view-helper",
  "template-deprecated-render-helper",
  "template-link-rel-noopener",
  "template-no-abstract-roles",
  "template-no-accesskey-attribute",
  "template-no-action",
  "template-no-args-paths",
  "template-no-aria-hidden-body",
  "template-no-autofocus-attribute",
  "template-no-debugger",
  "template-no-duplicate-attributes",
  "template-no-duplicate-id",
  "template-no-input-block",
  "template-no-input-tagname",
  "template-no-let-reference",
  "template-no-log",
  "template-no-obsolete-elements",
  "template-no-partial",
  "template-no-positive-tabindex",
  "template-no-this-in-template-only-components",
  "template-no-triple-curlies",
  "template-no-unbound",
  "template-no-unnecessary-concat",
  "template-no-valueless-arguments",
  "template-no-with",
  "template-require-button-type",
]
`;

exports[`recommended rules > gts config has the right list 1`] = `
[
  "template-deprecated-inline-view-helper",
  "template-deprecated-render-helper",
  "template-link-rel-noopener",
  "template-no-abstract-roles",
  "template-no-accesskey-attribute",
  "template-no-action",
  "template-no-args-paths",
  "template-no-aria-hidden-body",
  "template-no-autofocus-attribute",
  "template-no-debugger",
  "template-no-duplicate-attributes",
  "template-no-duplicate-id",
  "template-no-input-block",
  "template-no-input-tagname",
  "template-no-let-reference",
  "template-no-log",
  "template-no-obsolete-elements",
  "template-no-partial",
  "template-no-positive-tabindex",
  "template-no-this-in-template-only-components",
  "template-no-triple-curlies",
  "template-no-unbound",
  "template-no-unnecessary-concat",
  "template-no-valueless-arguments",
  "template-no-with",
  "template-require-button-type",
]
`;

exports[`recommended rules > has the right list 1`] = `
[
  "avoid-leaking-state-in-ember-objects",
  "avoid-using-needs-in-controllers",
  "classic-decorator-hooks",
  "classic-decorator-no-classic-methods",
  "closure-actions",
  "jquery-ember-run",
  "new-module-imports",
  "no-actions-hash",
  "no-arrow-function-computed-properties",
  "no-assignment-of-untracked-properties-used-in-tracking-contexts",
  "no-at-ember-render-modifiers",
  "no-attrs-in-components",
  "no-attrs-snapshot",
  "no-capital-letters-in-routes",
  "no-classic-classes",
  "no-classic-components",
  "no-component-lifecycle-hooks",
  "no-computed-properties-in-native-classes",
  "no-controller-access-in-routes",
  "no-deeply-nested-dependent-keys-with-each",
  "no-deprecated-router-transition-methods",
  "no-duplicate-dependent-keys",
  "no-ember-super-in-es-classes",
  "no-ember-testing-in-module-scope",
  "no-empty-glimmer-component-classes",
  "no-function-prototype-extensions",
  "no-get-with-default",
  "no-get",
  "no-global-jquery",
  "no-implicit-injections",
  "no-incorrect-calls-with-inline-anonymous-functions",
  "no-incorrect-computed-macros",
  "no-invalid-debug-function-arguments",
  "no-invalid-dependent-keys",
  "no-invalid-test-waiters",
  "no-jquery",
  "no-legacy-test-waiters",
  "no-mixins",
  "no-new-mixins",
  "no-noop-setup-on-error-in-before",
  "no-observers",
  "no-old-shims",
  "no-on-calls-in-components",
  "no-pause-test",
  "no-private-routing-service",
  "no-restricted-resolver-tests",
  "no-runloop",
  "no-settled-after-test-helper",
  "no-shadow-route-definition",
  "no-side-effects",
  "no-string-prototype-extensions",
  "no-test-and-then",
  "no-test-import-export",
  "no-test-module-for",
  "no-test-support-import",
  "no-test-this-render",
  "no-tracked-properties-from-args",
  "no-try-invoke",
  "no-unnecessary-route-path-option",
  "no-volatile-computed-properties",
  "prefer-ember-test-helpers",
  "require-computed-macros",
  "require-computed-property-dependencies",
  "require-return-from-computed",
  "require-super-in-lifecycle-hooks",
  "require-tagless-components",
  "require-valid-css-selector-in-test-helpers",
  "routes-segments-snake-case",
  "use-brace-expansion",
  "use-ember-data-rfc-395-imports",
]
`;
